
> @radui/ui@0.1.10 test
> jest src/core/primitives/Collapsible/tests/Collapsible.test.tsx

FAIL src/core/primitives/Collapsible/tests/Collapsible.test.tsx
  ● Console

    console.error
      Error: Uncaught [ReferenceError: ResizeObserver is not defined]
          at reportException (/Users/pranaykothapalli/Desktop/dev/hobby/ui/node_modules/jsdom/lib/jsdom/living/helpers/runtime-script-errors.js:66:24)
          at innerInvokeEventListeners (/Users/pranaykothapalli/Desktop/dev/hobby/ui/node_modules/jsdom/lib/jsdom/living/events/EventTarget-impl.js:353:9)
          at invokeEventListeners (/Users/pranaykothapalli/Desktop/dev/hobby/ui/node_modules/jsdom/lib/jsdom/living/events/EventTarget-impl.js:286:3)
          at HTMLUnknownElementImpl._dispatch (/Users/pranaykothapalli/Desktop/dev/hobby/ui/node_modules/jsdom/lib/jsdom/living/events/EventTarget-impl.js:233:9)
          at HTMLUnknownElementImpl.dispatchEvent (/Users/pranaykothapalli/Desktop/dev/hobby/ui/node_modules/jsdom/lib/jsdom/living/events/EventTarget-impl.js:104:17)
          at HTMLUnknownElement.dispatchEvent (/Users/pranaykothapalli/Desktop/dev/hobby/ui/node_modules/jsdom/lib/jsdom/living/generated/EventTarget.js:241:34)
          at Object.invokeGuardedCallbackDev (/Users/pranaykothapalli/Desktop/dev/hobby/ui/node_modules/react-dom/cjs/react-dom.development.js:4213:16)
          at invokeGuardedCallback (/Users/pranaykothapalli/Desktop/dev/hobby/ui/node_modules/react-dom/cjs/react-dom.development.js:4277:31)
          at reportUncaughtErrorInDEV (/Users/pranaykothapalli/Desktop/dev/hobby/ui/node_modules/react-dom/cjs/react-dom.development.js:22877:5)
          at captureCommitPhaseError (/Users/pranaykothapalli/Desktop/dev/hobby/ui/node_modules/react-dom/cjs/react-dom.development.js:27165:5)
          at commitPassiveMountEffects_complete (/Users/pranaykothapalli/Desktop/dev/hobby/ui/node_modules/react-dom/cjs/react-dom.development.js:24932:9)
          at commitPassiveMountEffects_begin (/Users/pranaykothapalli/Desktop/dev/hobby/ui/node_modules/react-dom/cjs/react-dom.development.js:24917:7)
          at commitPassiveMountEffects (/Users/pranaykothapalli/Desktop/dev/hobby/ui/node_modules/react-dom/cjs/react-dom.development.js:24905:3)
          at flushPassiveEffectsImpl (/Users/pranaykothapalli/Desktop/dev/hobby/ui/node_modules/react-dom/cjs/react-dom.development.js:27078:3)
          at flushPassiveEffects (/Users/pranaykothapalli/Desktop/dev/hobby/ui/node_modules/react-dom/cjs/react-dom.development.js:27023:14)
          at /Users/pranaykothapalli/Desktop/dev/hobby/ui/node_modules/react-dom/cjs/react-dom.development.js:26808:9
          at flushActQueue (/Users/pranaykothapalli/Desktop/dev/hobby/ui/node_modules/react/cjs/react.development.js:2667:24)
          at act (/Users/pranaykothapalli/Desktop/dev/hobby/ui/node_modules/react/cjs/react.development.js:2582:11)
          at /Users/pranaykothapalli/Desktop/dev/hobby/ui/node_modules/@testing-library/react/dist/act-compat.js:47:25
          at renderRoot (/Users/pranaykothapalli/Desktop/dev/hobby/ui/node_modules/@testing-library/react/dist/pure.js:180:26)
          at render (/Users/pranaykothapalli/Desktop/dev/hobby/ui/node_modules/@testing-library/react/dist/pure.js:271:10)
          at Object.<anonymous> (/Users/pranaykothapalli/Desktop/dev/hobby/ui/src/core/primitives/Collapsible/tests/Collapsible.test.tsx:43:15)
          at Promise.then.completed (/Users/pranaykothapalli/Desktop/dev/hobby/ui/node_modules/jest-circus/build/utils.js:298:28)
          at new Promise (<anonymous>)
          at callAsyncCircusFn (/Users/pranaykothapalli/Desktop/dev/hobby/ui/node_modules/jest-circus/build/utils.js:231:10)
          at _callCircusTest (/Users/pranaykothapalli/Desktop/dev/hobby/ui/node_modules/jest-circus/build/run.js:316:40)
          at processTicksAndRejections (node:internal/process/task_queues:105:5)
          at async _runTest (/Users/pranaykothapalli/Desktop/dev/hobby/ui/node_modules/jest-circus/build/run.js:252:3)
          at async _runTestsForDescribeBlock (/Users/pranaykothapalli/Desktop/dev/hobby/ui/node_modules/jest-circus/build/run.js:126:9)
          at async _runTestsForDescribeBlock (/Users/pranaykothapalli/Desktop/dev/hobby/ui/node_modules/jest-circus/build/run.js:121:9)
          at async run (/Users/pranaykothapalli/Desktop/dev/hobby/ui/node_modules/jest-circus/build/run.js:71:3)
          at async runAndTransformResultsToJestFormat (/Users/pranaykothapalli/Desktop/dev/hobby/ui/node_modules/jest-circus/build/legacy-code-todo-rewrite/jestAdapterInit.js:122:21)
          at async jestAdapter (/Users/pranaykothapalli/Desktop/dev/hobby/ui/node_modules/jest-circus/build/legacy-code-todo-rewrite/jestAdapter.js:79:19)
          at async runTestInternal (/Users/pranaykothapalli/Desktop/dev/hobby/ui/node_modules/jest-runner/build/runTest.js:367:16)
          at async runTest (/Users/pranaykothapalli/Desktop/dev/hobby/ui/node_modules/jest-runner/build/runTest.js:444:34) {
        detail: ReferenceError: ResizeObserver is not defined
            at /Users/pranaykothapalli/Desktop/dev/hobby/ui/src/core/primitives/Collapsible/fragments/CollapsiblePrimitiveContent.tsx:46:32
            at commitHookEffectListMount (/Users/pranaykothapalli/Desktop/dev/hobby/ui/node_modules/react-dom/cjs/react-dom.development.js:23189:26)
            at commitPassiveMountOnFiber (/Users/pranaykothapalli/Desktop/dev/hobby/ui/node_modules/react-dom/cjs/react-dom.development.js:24970:11)
            at commitPassiveMountEffects_complete (/Users/pranaykothapalli/Desktop/dev/hobby/ui/node_modules/react-dom/cjs/react-dom.development.js:24930:9)
            at commitPassiveMountEffects_begin (/Users/pranaykothapalli/Desktop/dev/hobby/ui/node_modules/react-dom/cjs/react-dom.development.js:24917:7)
            at commitPassiveMountEffects (/Users/pranaykothapalli/Desktop/dev/hobby/ui/node_modules/react-dom/cjs/react-dom.development.js:24905:3)
            at flushPassiveEffectsImpl (/Users/pranaykothapalli/Desktop/dev/hobby/ui/node_modules/react-dom/cjs/react-dom.development.js:27078:3)
            at flushPassiveEffects (/Users/pranaykothapalli/Desktop/dev/hobby/ui/node_modules/react-dom/cjs/react-dom.development.js:27023:14)
            at /Users/pranaykothapalli/Desktop/dev/hobby/ui/node_modules/react-dom/cjs/react-dom.development.js:26808:9
            at flushActQueue (/Users/pranaykothapalli/Desktop/dev/hobby/ui/node_modules/react/cjs/react.development.js:2667:24)
            at act (/Users/pranaykothapalli/Desktop/dev/hobby/ui/node_modules/react/cjs/react.development.js:2582:11)
            at /Users/pranaykothapalli/Desktop/dev/hobby/ui/node_modules/@testing-library/react/dist/act-compat.js:47:25
            at renderRoot (/Users/pranaykothapalli/Desktop/dev/hobby/ui/node_modules/@testing-library/react/dist/pure.js:180:26)
            at render (/Users/pranaykothapalli/Desktop/dev/hobby/ui/node_modules/@testing-library/react/dist/pure.js:271:10)
            at Object.<anonymous> (/Users/pranaykothapalli/Desktop/dev/hobby/ui/src/core/primitives/Collapsible/tests/Collapsible.test.tsx:43:15)
            at Promise.then.completed (/Users/pranaykothapalli/Desktop/dev/hobby/ui/node_modules/jest-circus/build/utils.js:298:28)
            at new Promise (<anonymous>)
            at callAsyncCircusFn (/Users/pranaykothapalli/Desktop/dev/hobby/ui/node_modules/jest-circus/build/utils.js:231:10)
            at _callCircusTest (/Users/pranaykothapalli/Desktop/dev/hobby/ui/node_modules/jest-circus/build/run.js:316:40)
            at processTicksAndRejections (node:internal/process/task_queues:105:5)
            at async _runTest (/Users/pranaykothapalli/Desktop/dev/hobby/ui/node_modules/jest-circus/build/run.js:252:3)
            at async _runTestsForDescribeBlock (/Users/pranaykothapalli/Desktop/dev/hobby/ui/node_modules/jest-circus/build/run.js:126:9)
            at async _runTestsForDescribeBlock (/Users/pranaykothapalli/Desktop/dev/hobby/ui/node_modules/jest-circus/build/run.js:121:9)
            at async run (/Users/pranaykothapalli/Desktop/dev/hobby/ui/node_modules/jest-circus/build/run.js:71:3)
            at async runAndTransformResultsToJestFormat (/Users/pranaykothapalli/Desktop/dev/hobby/ui/node_modules/jest-circus/build/legacy-code-todo-rewrite/jestAdapterInit.js:122:21)
            at async jestAdapter (/Users/pranaykothapalli/Desktop/dev/hobby/ui/node_modules/jest-circus/build/legacy-code-todo-rewrite/jestAdapter.js:79:19)
            at async runTestInternal (/Users/pranaykothapalli/Desktop/dev/hobby/ui/node_modules/jest-runner/build/runTest.js:367:16)
            at async runTest (/Users/pranaykothapalli/Desktop/dev/hobby/ui/node_modules/jest-runner/build/runTest.js:444:34),
        type: 'unhandled exception'
      }

      30 |         return;
      31 |     }
    > 32 |     originalError(...(args as Parameters<typeof originalError>));
         |                  ^
      33 | };
      34 |
      35 | // Silence specific console warnings that are noisy in tests

      at console.Object.<anonymous>.console.error (src/setupTests.ts:32:18)
      at reportException (node_modules/jsdom/lib/jsdom/living/helpers/runtime-script-errors.js:70:28)
      at innerInvokeEventListeners (node_modules/jsdom/lib/jsdom/living/events/EventTarget-impl.js:353:9)
      at invokeEventListeners (node_modules/jsdom/lib/jsdom/living/events/EventTarget-impl.js:286:3)
      at HTMLUnknownElementImpl._dispatch (node_modules/jsdom/lib/jsdom/living/events/EventTarget-impl.js:233:9)
      at HTMLUnknownElementImpl.dispatchEvent (node_modules/jsdom/lib/jsdom/living/events/EventTarget-impl.js:104:17)
      at HTMLUnknownElement.dispatchEvent (node_modules/jsdom/lib/jsdom/living/generated/EventTarget.js:241:34)
      at Object.invokeGuardedCallbackDev (node_modules/react-dom/cjs/react-dom.development.js:4213:16)
      at invokeGuardedCallback (node_modules/react-dom/cjs/react-dom.development.js:4277:31)
      at reportUncaughtErrorInDEV (node_modules/react-dom/cjs/react-dom.development.js:22877:5)
      at captureCommitPhaseError (node_modules/react-dom/cjs/react-dom.development.js:27165:5)
      at commitPassiveMountEffects_complete (node_modules/react-dom/cjs/react-dom.development.js:24932:9)
      at commitPassiveMountEffects_begin (node_modules/react-dom/cjs/react-dom.development.js:24917:7)
      at commitPassiveMountEffects (node_modules/react-dom/cjs/react-dom.development.js:24905:3)
      at flushPassiveEffectsImpl (node_modules/react-dom/cjs/react-dom.development.js:27078:3)
      at flushPassiveEffects (node_modules/react-dom/cjs/react-dom.development.js:27023:14)
      at node_modules/react-dom/cjs/react-dom.development.js:26808:9
      at flushActQueue (node_modules/react/cjs/react.development.js:2667:24)
      at act (node_modules/react/cjs/react.development.js:2582:11)
      at node_modules/@testing-library/react/dist/act-compat.js:47:25
      at renderRoot (node_modules/@testing-library/react/dist/pure.js:180:26)
      at render (node_modules/@testing-library/react/dist/pure.js:271:10)
      at Object.<anonymous> (src/core/primitives/Collapsible/tests/Collapsible.test.tsx:43:15)

    console.error
      The above error occurred in the <CollapsiblePrimitiveContent> component:
      
          at /Users/pranaykothapalli/Desktop/dev/hobby/ui/src/core/primitives/Collapsible/fragments/CollapsiblePrimitiveContent.tsx:13:14
          at div
          at /Users/pranaykothapalli/Desktop/dev/hobby/ui/src/core/primitives/Primitive/index.tsx:16:69
          at /Users/pranaykothapalli/Desktop/dev/hobby/ui/src/core/primitives/Collapsible/fragments/CollapsiblePrimitiveRoot.tsx:39:13
      
      Consider adding an error boundary to your tree to customize error handling behavior.
      Visit https://reactjs.org/link/error-boundaries to learn more about error boundaries.

      30 |         return;
      31 |     }
    > 32 |     originalError(...(args as Parameters<typeof originalError>));
         |                  ^
      33 | };
      34 |
      35 | // Silence specific console warnings that are noisy in tests

      at console.Object.<anonymous>.console.error (src/setupTests.ts:32:18)
      at logCapturedError (node_modules/react-dom/cjs/react-dom.development.js:18704:23)
      at update.callback (node_modules/react-dom/cjs/react-dom.development.js:18737:5)
      at callCallback (node_modules/react-dom/cjs/react-dom.development.js:15036:12)
      at commitUpdateQueue (node_modules/react-dom/cjs/react-dom.development.js:15057:9)
      at commitLayoutEffectOnFiber (node_modules/react-dom/cjs/react-dom.development.js:23430:13)
      at commitLayoutMountEffects_complete (node_modules/react-dom/cjs/react-dom.development.js:24727:9)
      at commitLayoutEffects_begin (node_modules/react-dom/cjs/react-dom.development.js:24713:7)
      at commitLayoutEffects (node_modules/react-dom/cjs/react-dom.development.js:24651:3)
      at commitRootImpl (node_modules/react-dom/cjs/react-dom.development.js:26862:5)
      at commitRoot (node_modules/react-dom/cjs/react-dom.development.js:26721:5)
      at performSyncWorkOnRoot (node_modules/react-dom/cjs/react-dom.development.js:26156:3)
      at flushSyncCallbacks (node_modules/react-dom/cjs/react-dom.development.js:12042:22)
      at flushPassiveEffectsImpl (node_modules/react-dom/cjs/react-dom.development.js:27099:3)
      at flushPassiveEffects (node_modules/react-dom/cjs/react-dom.development.js:27023:14)
      at node_modules/react-dom/cjs/react-dom.development.js:26808:9
      at flushActQueue (node_modules/react/cjs/react.development.js:2667:24)
      at act (node_modules/react/cjs/react.development.js:2582:11)
      at node_modules/@testing-library/react/dist/act-compat.js:47:25
      at renderRoot (node_modules/@testing-library/react/dist/pure.js:180:26)
      at render (node_modules/@testing-library/react/dist/pure.js:271:10)
      at Object.<anonymous> (src/core/primitives/Collapsible/tests/Collapsible.test.tsx:43:15)

    console.error
      Error: Uncaught [ReferenceError: ResizeObserver is not defined]
          at reportException (/Users/pranaykothapalli/Desktop/dev/hobby/ui/node_modules/jsdom/lib/jsdom/living/helpers/runtime-script-errors.js:66:24)
          at innerInvokeEventListeners (/Users/pranaykothapalli/Desktop/dev/hobby/ui/node_modules/jsdom/lib/jsdom/living/events/EventTarget-impl.js:353:9)
          at invokeEventListeners (/Users/pranaykothapalli/Desktop/dev/hobby/ui/node_modules/jsdom/lib/jsdom/living/events/EventTarget-impl.js:286:3)
          at HTMLUnknownElementImpl._dispatch (/Users/pranaykothapalli/Desktop/dev/hobby/ui/node_modules/jsdom/lib/jsdom/living/events/EventTarget-impl.js:233:9)
          at HTMLUnknownElementImpl.dispatchEvent (/Users/pranaykothapalli/Desktop/dev/hobby/ui/node_modules/jsdom/lib/jsdom/living/events/EventTarget-impl.js:104:17)
          at HTMLUnknownElement.dispatchEvent (/Users/pranaykothapalli/Desktop/dev/hobby/ui/node_modules/jsdom/lib/jsdom/living/generated/EventTarget.js:241:34)
          at Object.invokeGuardedCallbackDev (/Users/pranaykothapalli/Desktop/dev/hobby/ui/node_modules/react-dom/cjs/react-dom.development.js:4213:16)
          at invokeGuardedCallback (/Users/pranaykothapalli/Desktop/dev/hobby/ui/node_modules/react-dom/cjs/react-dom.development.js:4277:31)
          at reportUncaughtErrorInDEV (/Users/pranaykothapalli/Desktop/dev/hobby/ui/node_modules/react-dom/cjs/react-dom.development.js:22877:5)
          at captureCommitPhaseError (/Users/pranaykothapalli/Desktop/dev/hobby/ui/node_modules/react-dom/cjs/react-dom.development.js:27165:5)
          at commitPassiveMountEffects_complete (/Users/pranaykothapalli/Desktop/dev/hobby/ui/node_modules/react-dom/cjs/react-dom.development.js:24932:9)
          at commitPassiveMountEffects_begin (/Users/pranaykothapalli/Desktop/dev/hobby/ui/node_modules/react-dom/cjs/react-dom.development.js:24917:7)
          at commitPassiveMountEffects (/Users/pranaykothapalli/Desktop/dev/hobby/ui/node_modules/react-dom/cjs/react-dom.development.js:24905:3)
          at flushPassiveEffectsImpl (/Users/pranaykothapalli/Desktop/dev/hobby/ui/node_modules/react-dom/cjs/react-dom.development.js:27078:3)
          at flushPassiveEffects (/Users/pranaykothapalli/Desktop/dev/hobby/ui/node_modules/react-dom/cjs/react-dom.development.js:27023:14)
          at /Users/pranaykothapalli/Desktop/dev/hobby/ui/node_modules/react-dom/cjs/react-dom.development.js:26808:9
          at flushActQueue (/Users/pranaykothapalli/Desktop/dev/hobby/ui/node_modules/react/cjs/react.development.js:2667:24)
          at act (/Users/pranaykothapalli/Desktop/dev/hobby/ui/node_modules/react/cjs/react.development.js:2582:11)
          at /Users/pranaykothapalli/Desktop/dev/hobby/ui/node_modules/@testing-library/react/dist/act-compat.js:47:25
          at renderRoot (/Users/pranaykothapalli/Desktop/dev/hobby/ui/node_modules/@testing-library/react/dist/pure.js:180:26)
          at render (/Users/pranaykothapalli/Desktop/dev/hobby/ui/node_modules/@testing-library/react/dist/pure.js:271:10)
          at Object.<anonymous> (/Users/pranaykothapalli/Desktop/dev/hobby/ui/src/core/primitives/Collapsible/tests/Collapsible.test.tsx:78:15)
          at Promise.then.completed (/Users/pranaykothapalli/Desktop/dev/hobby/ui/node_modules/jest-circus/build/utils.js:298:28)
          at new Promise (<anonymous>)
          at callAsyncCircusFn (/Users/pranaykothapalli/Desktop/dev/hobby/ui/node_modules/jest-circus/build/utils.js:231:10)
          at _callCircusTest (/Users/pranaykothapalli/Desktop/dev/hobby/ui/node_modules/jest-circus/build/run.js:316:40)
          at processTicksAndRejections (node:internal/process/task_queues:105:5)
          at async _runTest (/Users/pranaykothapalli/Desktop/dev/hobby/ui/node_modules/jest-circus/build/run.js:252:3)
          at async _runTestsForDescribeBlock (/Users/pranaykothapalli/Desktop/dev/hobby/ui/node_modules/jest-circus/build/run.js:126:9)
          at async _runTestsForDescribeBlock (/Users/pranaykothapalli/Desktop/dev/hobby/ui/node_modules/jest-circus/build/run.js:121:9)
          at async run (/Users/pranaykothapalli/Desktop/dev/hobby/ui/node_modules/jest-circus/build/run.js:71:3)
          at async runAndTransformResultsToJestFormat (/Users/pranaykothapalli/Desktop/dev/hobby/ui/node_modules/jest-circus/build/legacy-code-todo-rewrite/jestAdapterInit.js:122:21)
          at async jestAdapter (/Users/pranaykothapalli/Desktop/dev/hobby/ui/node_modules/jest-circus/build/legacy-code-todo-rewrite/jestAdapter.js:79:19)
          at async runTestInternal (/Users/pranaykothapalli/Desktop/dev/hobby/ui/node_modules/jest-runner/build/runTest.js:367:16)
          at async runTest (/Users/pranaykothapalli/Desktop/dev/hobby/ui/node_modules/jest-runner/build/runTest.js:444:34) {
        detail: ReferenceError: ResizeObserver is not defined
            at /Users/pranaykothapalli/Desktop/dev/hobby/ui/src/core/primitives/Collapsible/fragments/CollapsiblePrimitiveContent.tsx:46:32
            at commitHookEffectListMount (/Users/pranaykothapalli/Desktop/dev/hobby/ui/node_modules/react-dom/cjs/react-dom.development.js:23189:26)
            at commitPassiveMountOnFiber (/Users/pranaykothapalli/Desktop/dev/hobby/ui/node_modules/react-dom/cjs/react-dom.development.js:24970:11)
            at commitPassiveMountEffects_complete (/Users/pranaykothapalli/Desktop/dev/hobby/ui/node_modules/react-dom/cjs/react-dom.development.js:24930:9)
            at commitPassiveMountEffects_begin (/Users/pranaykothapalli/Desktop/dev/hobby/ui/node_modules/react-dom/cjs/react-dom.development.js:24917:7)
            at commitPassiveMountEffects (/Users/pranaykothapalli/Desktop/dev/hobby/ui/node_modules/react-dom/cjs/react-dom.development.js:24905:3)
            at flushPassiveEffectsImpl (/Users/pranaykothapalli/Desktop/dev/hobby/ui/node_modules/react-dom/cjs/react-dom.development.js:27078:3)
            at flushPassiveEffects (/Users/pranaykothapalli/Desktop/dev/hobby/ui/node_modules/react-dom/cjs/react-dom.development.js:27023:14)
            at /Users/pranaykothapalli/Desktop/dev/hobby/ui/node_modules/react-dom/cjs/react-dom.development.js:26808:9
            at flushActQueue (/Users/pranaykothapalli/Desktop/dev/hobby/ui/node_modules/react/cjs/react.development.js:2667:24)
            at act (/Users/pranaykothapalli/Desktop/dev/hobby/ui/node_modules/react/cjs/react.development.js:2582:11)
            at /Users/pranaykothapalli/Desktop/dev/hobby/ui/node_modules/@testing-library/react/dist/act-compat.js:47:25
            at renderRoot (/Users/pranaykothapalli/Desktop/dev/hobby/ui/node_modules/@testing-library/react/dist/pure.js:180:26)
            at render (/Users/pranaykothapalli/Desktop/dev/hobby/ui/node_modules/@testing-library/react/dist/pure.js:271:10)
            at Object.<anonymous> (/Users/pranaykothapalli/Desktop/dev/hobby/ui/src/core/primitives/Collapsible/tests/Collapsible.test.tsx:78:15)
            at Promise.then.completed (/Users/pranaykothapalli/Desktop/dev/hobby/ui/node_modules/jest-circus/build/utils.js:298:28)
            at new Promise (<anonymous>)
            at callAsyncCircusFn (/Users/pranaykothapalli/Desktop/dev/hobby/ui/node_modules/jest-circus/build/utils.js:231:10)
            at _callCircusTest (/Users/pranaykothapalli/Desktop/dev/hobby/ui/node_modules/jest-circus/build/run.js:316:40)
            at processTicksAndRejections (node:internal/process/task_queues:105:5)
            at async _runTest (/Users/pranaykothapalli/Desktop/dev/hobby/ui/node_modules/jest-circus/build/run.js:252:3)
            at async _runTestsForDescribeBlock (/Users/pranaykothapalli/Desktop/dev/hobby/ui/node_modules/jest-circus/build/run.js:126:9)
            at async _runTestsForDescribeBlock (/Users/pranaykothapalli/Desktop/dev/hobby/ui/node_modules/jest-circus/build/run.js:121:9)
            at async run (/Users/pranaykothapalli/Desktop/dev/hobby/ui/node_modules/jest-circus/build/run.js:71:3)
            at async runAndTransformResultsToJestFormat (/Users/pranaykothapalli/Desktop/dev/hobby/ui/node_modules/jest-circus/build/legacy-code-todo-rewrite/jestAdapterInit.js:122:21)
            at async jestAdapter (/Users/pranaykothapalli/Desktop/dev/hobby/ui/node_modules/jest-circus/build/legacy-code-todo-rewrite/jestAdapter.js:79:19)
            at async runTestInternal (/Users/pranaykothapalli/Desktop/dev/hobby/ui/node_modules/jest-runner/build/runTest.js:367:16)
            at async runTest (/Users/pranaykothapalli/Desktop/dev/hobby/ui/node_modules/jest-runner/build/runTest.js:444:34),
        type: 'unhandled exception'
      }

      30 |         return;
      31 |     }
    > 32 |     originalError(...(args as Parameters<typeof originalError>));
         |                  ^
      33 | };
      34 |
      35 | // Silence specific console warnings that are noisy in tests

      at console.Object.<anonymous>.console.error (src/setupTests.ts:32:18)
      at reportException (node_modules/jsdom/lib/jsdom/living/helpers/runtime-script-errors.js:70:28)
      at innerInvokeEventListeners (node_modules/jsdom/lib/jsdom/living/events/EventTarget-impl.js:353:9)
      at invokeEventListeners (node_modules/jsdom/lib/jsdom/living/events/EventTarget-impl.js:286:3)
      at HTMLUnknownElementImpl._dispatch (node_modules/jsdom/lib/jsdom/living/events/EventTarget-impl.js:233:9)
      at HTMLUnknownElementImpl.dispatchEvent (node_modules/jsdom/lib/jsdom/living/events/EventTarget-impl.js:104:17)
      at HTMLUnknownElement.dispatchEvent (node_modules/jsdom/lib/jsdom/living/generated/EventTarget.js:241:34)
      at Object.invokeGuardedCallbackDev (node_modules/react-dom/cjs/react-dom.development.js:4213:16)
      at invokeGuardedCallback (node_modules/react-dom/cjs/react-dom.development.js:4277:31)
      at reportUncaughtErrorInDEV (node_modules/react-dom/cjs/react-dom.development.js:22877:5)
      at captureCommitPhaseError (node_modules/react-dom/cjs/react-dom.development.js:27165:5)
      at commitPassiveMountEffects_complete (node_modules/react-dom/cjs/react-dom.development.js:24932:9)
      at commitPassiveMountEffects_begin (node_modules/react-dom/cjs/react-dom.development.js:24917:7)
      at commitPassiveMountEffects (node_modules/react-dom/cjs/react-dom.development.js:24905:3)
      at flushPassiveEffectsImpl (node_modules/react-dom/cjs/react-dom.development.js:27078:3)
      at flushPassiveEffects (node_modules/react-dom/cjs/react-dom.development.js:27023:14)
      at node_modules/react-dom/cjs/react-dom.development.js:26808:9
      at flushActQueue (node_modules/react/cjs/react.development.js:2667:24)
      at act (node_modules/react/cjs/react.development.js:2582:11)
      at node_modules/@testing-library/react/dist/act-compat.js:47:25
      at renderRoot (node_modules/@testing-library/react/dist/pure.js:180:26)
      at render (node_modules/@testing-library/react/dist/pure.js:271:10)
      at Object.<anonymous> (src/core/primitives/Collapsible/tests/Collapsible.test.tsx:78:15)

    console.error
      The above error occurred in the <CollapsiblePrimitiveContent> component:
      
          at /Users/pranaykothapalli/Desktop/dev/hobby/ui/src/core/primitives/Collapsible/fragments/CollapsiblePrimitiveContent.tsx:13:14
          at div
          at /Users/pranaykothapalli/Desktop/dev/hobby/ui/src/core/primitives/Primitive/index.tsx:16:69
          at /Users/pranaykothapalli/Desktop/dev/hobby/ui/src/core/primitives/Collapsible/fragments/CollapsiblePrimitiveRoot.tsx:39:13
      
      Consider adding an error boundary to your tree to customize error handling behavior.
      Visit https://reactjs.org/link/error-boundaries to learn more about error boundaries.

      30 |         return;
      31 |     }
    > 32 |     originalError(...(args as Parameters<typeof originalError>));
         |                  ^
      33 | };
      34 |
      35 | // Silence specific console warnings that are noisy in tests

      at console.Object.<anonymous>.console.error (src/setupTests.ts:32:18)
      at logCapturedError (node_modules/react-dom/cjs/react-dom.development.js:18704:23)
      at update.callback (node_modules/react-dom/cjs/react-dom.development.js:18737:5)
      at callCallback (node_modules/react-dom/cjs/react-dom.development.js:15036:12)
      at commitUpdateQueue (node_modules/react-dom/cjs/react-dom.development.js:15057:9)
      at commitLayoutEffectOnFiber (node_modules/react-dom/cjs/react-dom.development.js:23430:13)
      at commitLayoutMountEffects_complete (node_modules/react-dom/cjs/react-dom.development.js:24727:9)
      at commitLayoutEffects_begin (node_modules/react-dom/cjs/react-dom.development.js:24713:7)
      at commitLayoutEffects (node_modules/react-dom/cjs/react-dom.development.js:24651:3)
      at commitRootImpl (node_modules/react-dom/cjs/react-dom.development.js:26862:5)
      at commitRoot (node_modules/react-dom/cjs/react-dom.development.js:26721:5)
      at performSyncWorkOnRoot (node_modules/react-dom/cjs/react-dom.development.js:26156:3)
      at flushSyncCallbacks (node_modules/react-dom/cjs/react-dom.development.js:12042:22)
      at flushPassiveEffectsImpl (node_modules/react-dom/cjs/react-dom.development.js:27099:3)
      at flushPassiveEffects (node_modules/react-dom/cjs/react-dom.development.js:27023:14)
      at node_modules/react-dom/cjs/react-dom.development.js:26808:9
      at flushActQueue (node_modules/react/cjs/react.development.js:2667:24)
      at act (node_modules/react/cjs/react.development.js:2582:11)
      at node_modules/@testing-library/react/dist/act-compat.js:47:25
      at renderRoot (node_modules/@testing-library/react/dist/pure.js:180:26)
      at render (node_modules/@testing-library/react/dist/pure.js:271:10)
      at Object.<anonymous> (src/core/primitives/Collapsible/tests/Collapsible.test.tsx:78:15)

  ● CollapsiblePrimitive › works in uncontrolled mode with defaultOpen prop

    ReferenceError: ResizeObserver is not defined

      44 |         if (!open || !ref.current || transitionDuration === 0) return;
      45 |
    > 46 |         const resizeObserver = new ResizeObserver(() => {
         |                                ^
      47 |             if (ref.current && height !== undefined) {
      48 |                 const newHeight = ref.current.scrollHeight;
      49 |                 if (newHeight !== height) {

      at src/core/primitives/Collapsible/fragments/CollapsiblePrimitiveContent.tsx:46:32
      at commitHookEffectListMount (node_modules/react-dom/cjs/react-dom.development.js:23189:26)
      at commitPassiveMountOnFiber (node_modules/react-dom/cjs/react-dom.development.js:24970:11)
      at commitPassiveMountEffects_complete (node_modules/react-dom/cjs/react-dom.development.js:24930:9)
      at commitPassiveMountEffects_begin (node_modules/react-dom/cjs/react-dom.development.js:24917:7)
      at commitPassiveMountEffects (node_modules/react-dom/cjs/react-dom.development.js:24905:3)
      at flushPassiveEffectsImpl (node_modules/react-dom/cjs/react-dom.development.js:27078:3)
      at flushPassiveEffects (node_modules/react-dom/cjs/react-dom.development.js:27023:14)
      at node_modules/react-dom/cjs/react-dom.development.js:26808:9
      at flushActQueue (node_modules/react/cjs/react.development.js:2667:24)
      at act (node_modules/react/cjs/react.development.js:2582:11)
      at node_modules/@testing-library/react/dist/act-compat.js:47:25
      at renderRoot (node_modules/@testing-library/react/dist/pure.js:180:26)
      at render (node_modules/@testing-library/react/dist/pure.js:271:10)
      at Object.<anonymous> (src/core/primitives/Collapsible/tests/Collapsible.test.tsx:43:15)

  ● CollapsiblePrimitive › forwards refs correctly

    ReferenceError: ResizeObserver is not defined

      44 |         if (!open || !ref.current || transitionDuration === 0) return;
      45 |
    > 46 |         const resizeObserver = new ResizeObserver(() => {
         |                                ^
      47 |             if (ref.current && height !== undefined) {
      48 |                 const newHeight = ref.current.scrollHeight;
      49 |                 if (newHeight !== height) {

      at src/core/primitives/Collapsible/fragments/CollapsiblePrimitiveContent.tsx:46:32
      at commitHookEffectListMount (node_modules/react-dom/cjs/react-dom.development.js:23189:26)
      at commitPassiveMountOnFiber (node_modules/react-dom/cjs/react-dom.development.js:24970:11)
      at commitPassiveMountEffects_complete (node_modules/react-dom/cjs/react-dom.development.js:24930:9)
      at commitPassiveMountEffects_begin (node_modules/react-dom/cjs/react-dom.development.js:24917:7)
      at commitPassiveMountEffects (node_modules/react-dom/cjs/react-dom.development.js:24905:3)
      at flushPassiveEffectsImpl (node_modules/react-dom/cjs/react-dom.development.js:27078:3)
      at flushPassiveEffects (node_modules/react-dom/cjs/react-dom.development.js:27023:14)
      at node_modules/react-dom/cjs/react-dom.development.js:26808:9
      at flushActQueue (node_modules/react/cjs/react.development.js:2667:24)
      at act (node_modules/react/cjs/react.development.js:2582:11)
      at node_modules/@testing-library/react/dist/act-compat.js:47:25
      at renderRoot (node_modules/@testing-library/react/dist/pure.js:180:26)
      at render (node_modules/@testing-library/react/dist/pure.js:271:10)
      at Object.<anonymous> (src/core/primitives/Collapsible/tests/Collapsible.test.tsx:78:15)

Test Suites: 1 failed, 1 total
Tests:       2 failed, 4 passed, 6 total
Snapshots:   0 total
Time:        0.727 s, estimated 1 s
Ran all test suites matching /src\/core\/primitives\/Collapsible\/tests\/Collapsible.test.tsx/i.
